[2026-01-23T08:47:19.175Z] [INFO] Starting first scan...
[2026-01-23T08:47:21.902Z] [INFO] Fetched 3500 markets
[2026-01-23T08:47:21.931Z] [INFO] No candidates found (near-expiry ≤1%)
[2026-01-23T08:47:55.084Z] [INFO] Fetched 3500 markets
[2026-01-23T08:47:55.244Z] [INFO] No candidates found (near-expiry ≤1%)
[2026-01-23T08:48:23.972Z] [INFO] Fetched 3500 markets
[2026-01-23T08:48:23.987Z] [INFO] No candidates found (near-expiry ≤1%)
[2026-01-23T08:48:54.026Z] [INFO] Fetched 3500 markets
[2026-01-23T08:48:54.237Z] [INFO] No candidates found (near-expiry ≤1%)
[2026-01-23T08:49:23.595Z] [INFO] Fetched 3500 markets
[2026-01-23T08:49:23.601Z] [INFO] No candidates found (near-expiry ≤1%)
[2026-01-23T08:49:53.709Z] [INFO] Fetched 3500 markets
[2026-01-23T08:49:53.718Z] [INFO] No candidates found (near-expiry ≤1%)
[2026-01-23T08:50:25.750Z] [INFO] Fetched 3500 markets
[2026-01-23T08:50:25.850Z] [INFO] No candidates found (near-expiry ≤1%)
[2026-01-23T08:50:53.433Z] [INFO] Fetched 3500 markets
[2026-01-23T08:50:53.438Z] [INFO] No candidates found (near-expiry ≤1%)
[2026-01-23T08:51:23.457Z] [INFO] Fetched 3500 markets
[2026-01-23T08:51:23.474Z] [INFO] No candidates found (near-expiry ≤1%)
[2026-01-23T08:51:53.572Z] [INFO] Fetched 3500 markets
[2026-01-23T08:51:53.581Z] [INFO] No candidates found (near-expiry ≤1%)
[2026-01-23T08:52:24.173Z] [INFO] Fetched 3500 markets
[2026-01-23T08:52:24.192Z] [INFO] No candidates found (near-expiry ≤1%)
[2026-01-23T08:52:31.383Z] [INFO] 
Stopping server...
[2026-01-23T08:52:33.878Z] [INFO] Starting first scan...
[2026-01-23T08:52:36.049Z] [INFO] Fetched 3500 markets
[2026-01-23T08:52:36.063Z] [INFO] No candidates found (near-expiry ≤1%)
[2026-01-23T08:53:07.629Z] [INFO] Fetched 3500 markets
[2026-01-23T08:53:07.634Z] [INFO] No candidates found (near-expiry ≤1%)
[2026-01-23T08:53:37.727Z] [INFO] Fetched 3500 markets
[2026-01-23T08:53:37.743Z] [INFO] No candidates found (near-expiry ≤1%)
[2026-01-23T08:54:07.649Z] [INFO] Fetched 3500 markets
[2026-01-23T08:54:07.653Z] [INFO] No candidates found (near-expiry ≤1%)
[2026-01-23T08:54:37.690Z] [INFO] Fetched 3500 markets
[2026-01-23T08:54:37.695Z] [INFO] No candidates found (near-expiry ≤1%)
[2026-01-23T08:55:07.646Z] [INFO] Fetched 3500 markets
[2026-01-23T08:55:07.658Z] [INFO] No candidates found (near-expiry ≤1%)
[2026-01-23T08:55:37.788Z] [INFO] Fetched 3500 markets
[2026-01-23T08:55:37.801Z] [INFO] No candidates found (near-expiry ≤1%)
[2026-01-23T08:56:06.553Z] [INFO] Fetched 3500 markets
[2026-01-23T08:56:06.561Z] [INFO] No candidates found (near-expiry ≤1%)
[2026-01-23T08:56:37.763Z] [INFO] Fetched 3500 markets
[2026-01-23T08:56:37.778Z] [INFO] No candidates found (near-expiry ≤1%)
[2026-01-23T08:57:08.018Z] [INFO] Fetched 3500 markets
[2026-01-23T08:57:08.026Z] [INFO] No candidates found (near-expiry ≤1%)
[2026-01-23T08:57:37.752Z] [INFO] Fetched 3500 markets
[2026-01-23T08:57:37.763Z] [INFO] No candidates found (near-expiry ≤1%)
[2026-01-23T08:58:07.751Z] [INFO] Fetched 3500 markets
[2026-01-23T08:58:07.763Z] [INFO] No candidates found (near-expiry ≤1%)
[2026-01-23T08:58:37.822Z] [INFO] Fetched 3500 markets
[2026-01-23T08:58:37.833Z] [INFO] No candidates found (near-expiry ≤1%)
[2026-01-23T08:59:07.925Z] [INFO] Fetched 3500 markets
[2026-01-23T08:59:07.932Z] [INFO] No candidates found (near-expiry ≤1%)
[2026-01-23T08:59:37.849Z] [INFO] Fetched 3500 markets
[2026-01-23T08:59:37.855Z] [INFO] No candidates found (near-expiry ≤1%)
[2026-01-23T09:00:07.650Z] [INFO] Fetched 3500 markets
[2026-01-23T09:00:07.655Z] [INFO] No candidates found (near-expiry ≤1%)
[2026-01-23T09:00:37.946Z] [INFO] Fetched 3500 markets
[2026-01-23T09:00:38.059Z] [INFO] No candidates found (near-expiry ≤1%)
[2026-01-23T09:01:07.713Z] [INFO] Fetched 3500 markets
[2026-01-23T09:01:07.718Z] [INFO] No candidates found (near-expiry ≤1%)
[2026-01-23T09:01:37.867Z] [INFO] Fetched 3500 markets
[2026-01-23T09:01:37.874Z] [INFO] No candidates found (near-expiry ≤1%)
[2026-01-23T09:02:07.813Z] [INFO] Fetched 3500 markets
[2026-01-23T09:02:07.817Z] [INFO] No candidates found (near-expiry ≤1%)
[2026-01-23T09:02:37.764Z] [INFO] Fetched 3500 markets
[2026-01-23T09:02:37.769Z] [INFO] No candidates found (near-expiry ≤1%)
[2026-01-23T09:03:07.855Z] [INFO] Fetched 3500 markets
[2026-01-23T09:03:07.860Z] [INFO] No candidates found (near-expiry ≤1%)
[2026-01-23T09:03:37.680Z] [INFO] Fetched 3500 markets
[2026-01-23T09:03:37.684Z] [INFO] No candidates found (near-expiry ≤1%)
[2026-01-23T09:04:07.666Z] [INFO] Fetched 3500 markets
[2026-01-23T09:04:07.674Z] [INFO] No candidates found (near-expiry ≤1%)
[2026-01-23T09:04:37.671Z] [INFO] Fetched 3500 markets
[2026-01-23T09:04:37.678Z] [INFO] No candidates found (near-expiry ≤1%)
[2026-01-23T09:05:06.832Z] [INFO] Fetched 3500 markets
[2026-01-23T09:05:06.839Z] [INFO] No candidates found (near-expiry ≤1%)
[2026-01-23T09:05:37.673Z] [INFO] Fetched 3500 markets
[2026-01-23T09:05:37.677Z] [INFO] No candidates found (near-expiry ≤1%)
[2026-01-23T09:06:08.375Z] [INFO] Fetched 3500 markets
[2026-01-23T09:06:08.383Z] [INFO] No candidates found (near-expiry ≤1%)
[2026-01-23T09:06:37.645Z] [INFO] Fetched 3500 markets
[2026-01-23T09:06:37.650Z] [INFO] No candidates found (near-expiry ≤1%)
[2026-01-23T09:07:07.699Z] [INFO] Fetched 3500 markets
[2026-01-23T09:07:07.704Z] [INFO] No candidates found (near-expiry ≤1%)
[2026-01-23T09:07:37.853Z] [INFO] Fetched 3500 markets
[2026-01-23T09:07:37.858Z] [INFO] No candidates found (near-expiry ≤1%)
[2026-01-23T09:08:07.644Z] [INFO] Fetched 3500 markets
[2026-01-23T09:08:07.648Z] [INFO] No candidates found (near-expiry ≤1%)
[2026-01-23T09:08:37.676Z] [INFO] Fetched 3500 markets
[2026-01-23T09:08:37.681Z] [INFO] No candidates found (near-expiry ≤1%)
[2026-01-23T09:09:07.695Z] [INFO] Fetched 3500 markets
[2026-01-23T09:09:07.700Z] [INFO] No candidates found (near-expiry ≤1%)
[2026-01-23T09:09:37.798Z] [INFO] Fetched 3500 markets
[2026-01-23T09:09:37.802Z] [INFO] No candidates found (near-expiry ≤1%)
[2026-01-23T09:10:07.823Z] [INFO] Fetched 3500 markets
[2026-01-23T09:10:07.832Z] [INFO] No candidates found (near-expiry ≤1%)
[2026-01-23T09:10:37.963Z] [INFO] Fetched 3500 markets
[2026-01-23T09:10:37.967Z] [INFO] No candidates found (near-expiry ≤1%)
[2026-01-23T09:11:07.813Z] [INFO] Fetched 3500 markets
[2026-01-23T09:11:07.817Z] [INFO] No candidates found (near-expiry ≤1%)
[2026-01-23T09:11:37.832Z] [INFO] Fetched 3500 markets
[2026-01-23T09:11:37.837Z] [INFO] No candidates found (near-expiry ≤1%)
[2026-01-23T09:12:07.806Z] [INFO] Fetched 3500 markets
[2026-01-23T09:12:07.811Z] [INFO] No candidates found (near-expiry ≤1%)
[2026-01-23T09:12:37.961Z] [INFO] Fetched 3500 markets
[2026-01-23T09:12:37.968Z] [INFO] No candidates found (near-expiry ≤1%)
[2026-01-23T09:13:07.953Z] [INFO] Fetched 3500 markets
[2026-01-23T09:13:07.959Z] [INFO] No candidates found (near-expiry ≤1%)
[2026-01-23T09:13:37.855Z] [INFO] Fetched 3500 markets
[2026-01-23T09:13:37.865Z] [INFO] No candidates found (near-expiry ≤1%)
[2026-01-23T09:14:07.935Z] [INFO] Fetched 3500 markets
[2026-01-23T09:14:07.946Z] [INFO] No candidates found (near-expiry ≤1%)
[2026-01-23T09:14:36.872Z] [INFO] Fetched 3500 markets
[2026-01-23T09:14:36.883Z] [INFO] No candidates found (near-expiry ≤1%)
[2026-01-23T09:15:08.145Z] [INFO] Fetched 3500 markets
[2026-01-23T09:15:08.151Z] [INFO] No candidates found (near-expiry ≤1%)
[2026-01-23T09:15:38.584Z] [INFO] Fetched 3500 markets
[2026-01-23T09:15:38.591Z] [INFO] No candidates found (near-expiry ≤1%)
[2026-01-23T09:16:08.258Z] [INFO] Fetched 3500 markets
[2026-01-23T09:16:08.263Z] [INFO] No candidates found (near-expiry ≤1%)
[2026-01-23T09:16:38.147Z] [INFO] Fetched 3500 markets
[2026-01-23T09:16:38.152Z] [INFO] No candidates found (near-expiry ≤1%)
[2026-01-23T09:17:07.923Z] [INFO] Fetched 3500 markets
[2026-01-23T09:17:07.929Z] [INFO] No candidates found (near-expiry ≤1%)
[2026-01-23T09:17:37.946Z] [INFO] Fetched 3500 markets
[2026-01-23T09:17:37.952Z] [INFO] No candidates found (near-expiry ≤1%)
[2026-01-23T09:18:08.142Z] [INFO] Fetched 3500 markets
[2026-01-23T09:18:08.165Z] [INFO] No candidates found (near-expiry ≤1%)
[2026-01-23T09:18:40.121Z] [INFO] Fetched 3500 markets
[2026-01-23T09:18:40.127Z] [INFO] No candidates found (near-expiry ≤1%)
[2026-01-23T09:19:07.849Z] [INFO] Fetched 3500 markets
[2026-01-23T09:19:07.856Z] [INFO] No candidates found (near-expiry ≤1%)
[2026-01-23T09:19:39.562Z] [INFO] Fetched 3500 markets
[2026-01-23T09:19:39.566Z] [INFO] No candidates found (near-expiry ≤1%)
[2026-01-23T09:20:08.082Z] [INFO] Fetched 3500 markets
[2026-01-23T09:20:08.087Z] [INFO] No candidates found (near-expiry ≤1%)
[2026-01-23T09:20:38.058Z] [INFO] Fetched 3500 markets
[2026-01-23T09:20:38.063Z] [INFO] No candidates found (near-expiry ≤1%)
[2026-01-23T09:21:08.017Z] [INFO] Fetched 3500 markets
[2026-01-23T09:21:08.024Z] [INFO] No candidates found (near-expiry ≤1%)
[2026-01-23T09:21:38.028Z] [INFO] Fetched 3500 markets
[2026-01-23T09:21:38.047Z] [INFO] No candidates found (near-expiry ≤1%)
[2026-01-23T09:22:07.839Z] [INFO] Fetched 3500 markets
[2026-01-23T09:22:07.843Z] [INFO] No candidates found (near-expiry ≤1%)
[2026-01-23T09:22:37.815Z] [INFO] Fetched 3500 markets
[2026-01-23T09:22:37.821Z] [INFO] No candidates found (near-expiry ≤1%)
[2026-01-23T09:23:07.966Z] [INFO] Fetched 3500 markets
[2026-01-23T09:23:07.975Z] [INFO] No candidates found (near-expiry ≤1%)
[2026-01-23T09:23:37.903Z] [INFO] Fetched 3500 markets
[2026-01-23T09:23:37.908Z] [INFO] No candidates found (near-expiry ≤1%)
[2026-01-23T09:24:08.409Z] [INFO] Fetched 3500 markets
[2026-01-23T09:24:08.435Z] [INFO] No candidates found (near-expiry ≤1%)
[2026-01-23T09:24:38.140Z] [INFO] Fetched 3500 markets
[2026-01-23T09:24:38.148Z] [INFO] No candidates found (near-expiry ≤1%)
[2026-01-23T09:25:08.031Z] [INFO] Fetched 3500 markets
[2026-01-23T09:25:08.037Z] [INFO] No candidates found (near-expiry ≤1%)
[2026-01-23T09:25:37.956Z] [INFO] Fetched 3500 markets
[2026-01-23T09:25:37.968Z] [INFO] No candidates found (near-expiry ≤1%)
[2026-01-23T09:26:08.267Z] [INFO] Fetched 3500 markets
[2026-01-23T09:26:08.272Z] [INFO] No candidates found (near-expiry ≤1%)
[2026-01-23T09:26:38.089Z] [INFO] Fetched 3500 markets
[2026-01-23T09:26:38.093Z] [INFO] No candidates found (near-expiry ≤1%)
[2026-01-23T09:27:08.161Z] [INFO] Fetched 3500 markets
[2026-01-23T09:27:08.182Z] [INFO] No candidates found (near-expiry ≤1%)
[2026-01-23T09:27:37.848Z] [INFO] Fetched 3500 markets
[2026-01-23T09:27:37.852Z] [INFO] No candidates found (near-expiry ≤1%)
[2026-01-23T09:28:07.925Z] [INFO] Fetched 3500 markets
[2026-01-23T09:28:07.932Z] [INFO] No candidates found (near-expiry ≤1%)
[2026-01-23T09:28:37.826Z] [INFO] Fetched 3500 markets
[2026-01-23T09:28:37.831Z] [INFO] No candidates found (near-expiry ≤1%)
[2026-01-23T09:29:07.788Z] [INFO] Fetched 3500 markets
[2026-01-23T09:29:07.793Z] [INFO] No candidates found (near-expiry ≤1%)
[2026-01-23T09:29:38.722Z] [INFO] Fetched 3500 markets
[2026-01-23T09:29:38.728Z] [INFO] No candidates found (near-expiry ≤1%)
[2026-01-23T09:30:07.897Z] [INFO] Fetched 3500 markets
[2026-01-23T09:30:07.906Z] [INFO] No candidates found (near-expiry ≤1%)
[2026-01-23T09:30:37.848Z] [INFO] Fetched 3500 markets
[2026-01-23T09:30:37.852Z] [INFO] No candidates found (near-expiry ≤1%)
[2026-01-23T09:31:07.857Z] [INFO] Fetched 3500 markets
[2026-01-23T09:31:07.861Z] [INFO] No candidates found (near-expiry ≤1%)
[2026-01-23T09:31:37.870Z] [INFO] Fetched 3500 markets
[2026-01-23T09:31:37.874Z] [INFO] No candidates found (near-expiry ≤1%)
[2026-01-23T09:32:07.826Z] [INFO] Fetched 3500 markets
[2026-01-23T09:32:07.830Z] [INFO] No candidates found (near-expiry ≤1%)
[2026-01-23T09:32:37.911Z] [INFO] Fetched 3500 markets
[2026-01-23T09:32:37.917Z] [INFO] No candidates found (near-expiry ≤1%)
[2026-01-23T09:33:08.134Z] [INFO] Fetched 3500 markets
[2026-01-23T09:33:08.140Z] [INFO] No candidates found (near-expiry ≤1%)
[2026-01-23T09:33:37.844Z] [INFO] Fetched 3500 markets
[2026-01-23T09:33:37.849Z] [INFO] No candidates found (near-expiry ≤1%)
[2026-01-23T09:34:08.077Z] [INFO] Fetched 3500 markets
[2026-01-23T09:34:08.082Z] [INFO] No candidates found (near-expiry ≤1%)
[2026-01-23T09:34:37.912Z] [INFO] Fetched 3500 markets
[2026-01-23T09:34:37.915Z] [INFO] No candidates found (near-expiry ≤1%)
[2026-01-23T09:35:07.879Z] [INFO] Fetched 3500 markets
[2026-01-23T09:35:07.882Z] [INFO] No candidates found (near-expiry ≤1%)
[2026-01-23T09:35:39.407Z] [INFO] Fetched 3500 markets
[2026-01-23T09:35:39.412Z] [INFO] No candidates found (near-expiry ≤1%)
[2026-01-23T09:36:07.857Z] [INFO] Fetched 3500 markets
[2026-01-23T09:36:07.863Z] [INFO] No candidates found (near-expiry ≤1%)
[2026-01-23T09:36:37.956Z] [INFO] Fetched 3500 markets
[2026-01-23T09:36:37.961Z] [INFO] No candidates found (near-expiry ≤1%)
[2026-01-23T09:37:07.869Z] [INFO] Fetched 3500 markets
[2026-01-23T09:37:07.872Z] [INFO] No candidates found (near-expiry ≤1%)
[2026-01-23T09:37:37.951Z] [INFO] Fetched 3500 markets
[2026-01-23T09:37:37.956Z] [INFO] No candidates found (near-expiry ≤1%)
[2026-01-23T09:37:38.935Z] [INFO] 
Stopping server...
[2026-01-23T09:37:39.376Z] [INFO] Loaded state: Balance=$10000.00, Positions=0, History=0
[2026-01-23T09:37:39.385Z] [INFO] Starting first scan...
[2026-01-23T09:37:39.827Z] [INFO] Fetched 3500 markets
[2026-01-23T09:37:39.840Z] [INFO] No candidates found (near-expiry ≤1%)
[2026-01-23T09:38:11.553Z] [INFO] Fetched 3500 markets
[2026-01-23T09:38:11.559Z] [INFO] No candidates found (near-expiry ≤1%)
[2026-01-23T09:38:41.586Z] [INFO] Fetched 3500 markets
[2026-01-23T09:38:41.591Z] [INFO] No candidates found (near-expiry ≤1%)
[2026-01-23T09:39:11.628Z] [INFO] Fetched 3500 markets
[2026-01-23T09:39:11.632Z] [INFO] No candidates found (near-expiry ≤1%)
[2026-01-23T09:39:41.482Z] [INFO] Fetched 3500 markets
[2026-01-23T09:39:41.486Z] [INFO] No candidates found (near-expiry ≤1%)
[2026-01-23T09:40:11.321Z] [INFO] Fetched 3500 markets
[2026-01-23T09:40:11.325Z] [INFO] No candidates found (near-expiry ≤1%)
[2026-01-23T09:40:41.515Z] [INFO] Fetched 3500 markets
[2026-01-23T09:40:41.519Z] [INFO] No candidates found (near-expiry ≤1%)
[2026-01-23T09:41:11.408Z] [INFO] Fetched 3500 markets
[2026-01-23T09:41:11.414Z] [INFO] No candidates found (near-expiry ≤1%)
